Jul-25 18:01:16.195 [main] DEBUG nextflow.cli.Launcher - $> nextflow run .
Jul-25 18:01:16.322 [main] DEBUG nextflow.cli.CmdRun - N E X T F L O W  ~  version 26.04.6
Jul-25 18:01:16.359 [main] DEBUG nextflow.plugin.PluginsFacade - Setting up plugin manager > mode=prod; embedded=false; plugins-dir=/home/sriram/.nextflow/plugins; core-plugins: nf-amazon@3.9.2,nf-azure@1.22.6,nf-cloudcache@0.6.0,nf-codecommit@0.5.3,nf-console@1.3.0,nf-google@1.27.3,nf-k8s@1.5.4,nf-seqera@0.21.1,nf-tower@1.28.2,nf-wave@1.21.0
Jul-25 18:01:16.393 [main] INFO  o.pf4j.DefaultPluginStatusProvider - Enabled plugins: []
Jul-25 18:01:16.394 [main] INFO  o.pf4j.DefaultPluginStatusProvider - Disabled plugins: []
Jul-25 18:01:16.399 [main] INFO  org.pf4j.DefaultPluginManager - PF4J version 3.14.1 in 'deployment' mode
Jul-25 18:01:16.417 [main] DEBUG nextflow.util.RetryConfig - Missing nextflow session - using default retry config
Jul-25 18:01:16.592 [main] DEBUG nextflow.plugin.PluginUpdater - Using plugin repository: HttpPluginRepository [registry]; url=https://registry.nextflow.io/api
Jul-25 18:01:16.600 [main] INFO  org.pf4j.AbstractPluginManager - No plugins
Jul-25 18:01:16.638 [main] DEBUG nextflow.scm.AssetManager - Selecting multi-revision strategy
Jul-25 18:01:16.712 [main] DEBUG nextflow.config.ConfigBuilder - Found config local: /home/sriram/projects/VariantFlowX/nextflow.config
Jul-25 18:01:16.718 [main] DEBUG nextflow.config.ConfigBuilder - Parsing config file: /home/sriram/projects/VariantFlowX/nextflow.config
Jul-25 18:01:16.727 [main] DEBUG nextflow.config.ConfigParserFactory - Using config parser v2
Jul-25 18:01:16.756 [main] DEBUG nextflow.config.ConfigBuilder - Applying config profile: `standard`
Jul-25 18:01:17.176 [main] DEBUG nextflow.plugin.PluginsFacade - Plugins default=[]
Jul-25 18:01:17.176 [main] DEBUG nextflow.plugin.PluginsFacade - Plugins resolved requirement=[]
Jul-25 18:01:17.199 [main] DEBUG n.secret.LocalSecretsProvider - Secrets store: /home/sriram/.nextflow/secrets/store.json
Jul-25 18:01:17.206 [main] DEBUG nextflow.secret.SecretsLoader - Discovered secrets providers: [nextflow.secret.LocalSecretsProvider@4faa298] - activable => nextflow.secret.LocalSecretsProvider@4faa298
Jul-25 18:01:17.224 [main] DEBUG nextflow.cli.CmdRun - Launching `./main.nf` [tiny_morse] - revision: b6474ffd5c
Jul-25 18:01:17.368 [main] DEBUG nextflow.Session - Session UUID: 33b65b28-4b47-4e5c-b7c2-a78730c521f1
Jul-25 18:01:17.369 [main] DEBUG nextflow.Session - Run name: tiny_morse
Jul-25 18:01:17.371 [main] DEBUG nextflow.Session - Executor pool size: 8
Jul-25 18:01:17.389 [main] DEBUG nextflow.file.FilePorter - File porter settings maxRetries=3; maxTransfers=50; pollTimeout=null
Jul-25 18:01:17.434 [main] DEBUG nextflow.util.ThreadPoolBuilder - Creating thread pool 'FileTransfer' minSize=10; maxSize=24; workQueue=LinkedBlockingQueue[-1]; allowCoreThreadTimeout=false
Jul-25 18:01:17.478 [main] DEBUG nextflow.cli.CmdRun - 
  Version: 26.04.6 build 12646
  Created: 09-07-2026 18:49 UTC 
  System: Linux 6.18.33.1-microsoft-standard-WSL2
  Runtime: Groovy 4.0.31 on OpenJDK 64-Bit Server VM 17.0.19+10-1-26.04.2-Ubuntu
  Encoding: UTF-8 (UTF-8)
  Process: 10590@DESKTOP-EFMM41N [127.0.1.1]
  CPUs: 8 - Mem: 7.6 GB (5.7 GB) - Swap: 2 GB (2 GB)
Jul-25 18:01:17.514 [main] DEBUG nextflow.Session - Work-dir: /home/sriram/projects/VariantFlowX/work [ext2/ext3]
Jul-25 18:01:17.542 [main] DEBUG nextflow.executor.ExecutorFactory - Extension executors providers=[]
Jul-25 18:01:17.564 [main] DEBUG nextflow.Session - Observer factory (v2): LinObserverFactory
Jul-25 18:01:17.569 [main] DEBUG nextflow.Session - Observer factory (v2): DefaultObserverFactory
Jul-25 18:01:17.641 [main] DEBUG nextflow.cache.CacheFactory - Using Nextflow cache factory: nextflow.cache.DefaultCacheFactory
Jul-25 18:01:17.659 [main] DEBUG nextflow.util.CustomThreadPool - Creating default thread pool > poolSize: 9; maxThreads: 1000
Jul-25 18:01:17.780 [main] DEBUG nextflow.Session - Session start
Jul-25 18:01:17.790 [main] DEBUG nextflow.script.ScriptLoaderFactory - Using script parser v2
Jul-25 18:01:18.251 [main] DEBUG nextflow.script.ScriptRunner - > Launching execution
Jul-25 18:01:18.392 [main] DEBUG nextflow.Session - Process names: 
Jul-25 18:01:18.397 [main] DEBUG nextflow.Session - Igniting dataflow network (0)
Jul-25 18:01:18.398 [main] DEBUG nextflow.script.ScriptRunner - Parsed script files:
  _nf_script_1a3477d74254dfc6: /home/sriram/projects/VariantFlowX/workflows/reporting.nf
  _nf_script_6c468a0d8e6738c9: /home/sriram/projects/VariantFlowX/workflows/postprocessing.nf
  _nf_script_5ad5cb46f139460e: /home/sriram/projects/VariantFlowX/workflows/alignment.nf
  _nf_script_d8ed7bb6e7a4425a: /home/sriram/projects/VariantFlowX/workflows/variant_calling.nf
  _nf_script_65e6e514bb7df464: /home/sriram/projects/VariantFlowX/workflows/qc.nf
  _nf_script_f5e690df5ac58787: /home/sriram/projects/VariantFlowX/workflows/annotation.nf
  _nf_script_f2806ba1d20942ea: /home/sriram/projects/VariantFlowX/workflows/variantflowx.nf
  Main: /home/sriram/projects/VariantFlowX/main.nf
  _nf_script_3a7e9e04e868dbf7: /home/sriram/projects/VariantFlowX/workflows/preprocessing.nf
Jul-25 18:01:18.398 [main] DEBUG nextflow.script.ScriptRunner - > Awaiting termination 
Jul-25 18:01:18.398 [main] DEBUG nextflow.Session - Session await
Jul-25 18:01:18.398 [main] DEBUG nextflow.Session - Session await > all processes finished
Jul-25 18:01:18.399 [main] DEBUG nextflow.Session - Session await > all barriers passed
Jul-25 18:01:18.415 [main] DEBUG n.trace.WorkflowStatsObserver - Workflow completed > WorkflowStats[succeededCount=0; failedCount=0; ignoredCount=0; cachedCount=0; pendingCount=0; submittedCount=0; runningCount=0; retriesCount=0; abortedCount=0; succeedDuration=0ms; failedDuration=0ms; cachedDuration=0ms;loadCpus=0; loadMemory=0; peakRunning=0; peakCpus=0; peakMemory=0; ]
Jul-25 18:01:18.612 [main] DEBUG nextflow.cache.CacheDB - Closing CacheDB done
Jul-25 18:01:18.638 [main] DEBUG nextflow.util.ThreadPoolManager - Thread pool 'FileTransfer' shutdown completed (hard=false)
Jul-25 18:01:18.638 [main] DEBUG nextflow.script.ScriptRunner - > Execution complete -- Goodbye
